// Jest Snapshot v1, https://goo.gl/fbAQLP

exports[`About route component should renders with props 1`] = `
<div>
  <router-view-stub name="default"></router-view-stub>
</div>
`;
