// Jest Snapshot v1, https://goo.gl/fbAQLP

exports[`Home/Route -> About should renders with props 1`] = `
<div>
  <blockquote class="blockquote">
    “First, solve the problem. Then, write the code.”
    <footer><small><em>—John Johnson</em></small></footer>
  </blockquote>
</div>
`;
