// Jest Snapshot v1, https://goo.gl/fbAQLP

exports[`Route -> About should renders with props 1`] = `
<v-layout-stub tag="div">
  <v-flex-stub tag="div" text-xs-center="">
    <blockquote class="blockquote">
      “First, solve the problem. Then, write the code.”
      <footer><small><em>—John Johnson</em></small></footer>
    </blockquote>
  </v-flex-stub>
</v-layout-stub>
`;
