// Jest Snapshot v1, https://goo.gl/fbAQLP

exports[`Layout -> Default should renders with props 1`] = `<router-view-stub name="default"></router-view-stub>`;
